../Core/Src/main.c:73:1:__io_putchar	16	static
../Core/Src/main.c:89:5:main	16	static
../Core/Src/main.c:179:6:SystemClock_Config	112	static
../Core/Src/main.c:227:13:MX_ADC_Init	24	static
../Core/Src/main.c:297:13:MX_TIM1_Init	32	static
../Core/Src/main.c:343:13:MX_USART1_UART_Init	8	static
../Core/Src/main.c:378:13:MX_USART2_UART_Init	8	static
../Core/Src/main.c:411:13:MX_DMA_Init	16	static
../Core/Src/main.c:429:13:MX_GPIO_Init	48	static
../Core/Src/main.c:461:6:HAL_TIM_PeriodElapsedCallback	16	static
../Core/Src/main.c:468:6:HAL_ADC_ConvCpltCallback	16	static
../Core/Src/main.c:475:6:HAL_UART_RxCpltCallback	16	static
../Core/Src/main.c:496:6:Error_Handler	8	static,ignoring_inline_asm
