../Core/Src/main.c:71:1:__io_putchar	16	static
../Core/Src/main.c:87:5:main	8	static
../Core/Src/main.c:158:6:SystemClock_Config	112	static
../Core/Src/main.c:206:13:MX_ADC_Init	24	static
../Core/Src/main.c:276:13:MX_TIM1_Init	32	static
../Core/Src/main.c:322:13:MX_USART1_UART_Init	8	static
../Core/Src/main.c:357:13:MX_USART2_UART_Init	8	static
../Core/Src/main.c:390:13:MX_DMA_Init	16	static
../Core/Src/main.c:408:13:MX_GPIO_Init	48	static
../Core/Src/main.c:440:6:HAL_TIM_PeriodElapsedCallback	16	static
../Core/Src/main.c:447:6:HAL_ADC_ConvCpltCallback	16	static
../Core/Src/main.c:453:6:HAL_UART_RxCpltCallback	16	static
../Core/Src/main.c:474:6:Error_Handler	8	static,ignoring_inline_asm
